Microchip MPLAB XC8 Compiler V2.32

Linker command line:

-W-3 --edf=C:\Program Files\Microchip\xc8\v2.32\pic\dat\en_msgs.txt -cn \
  -h+dist/default/production\mini-proj-amwLEE.X.production.sym \
  --cmf=dist/default/production\mini-proj-amwLEE.X.production.cmf -z \
  -Q18F67K40 -oC:\Users\amand\AppData\Local\Temp\xcAsqgc.4 \
  --defsym=__MPLAB_BUILD=1 \
  -Mdist/default/production/mini-proj-amwLEE.X.production.map -E1 \
  -ver=XC8 Compiler --acfsm=1493 -ASTACK=0150h-0DE9h -pstack=STACK \
  -ACODE=00h-01FFFFh -ACONST=00h-01FFFFh -ASMALLCONST=0E00h-0EFFhx498 \
  -AMEDIUMCONST=0E00h-0FFFFh,010E00h-01FFFFh -ACOMRAM=01h-05Fh \
  -AABS1=00h-0DE9h -ABIGRAM=01h-0DE9h \
  -ARAM=060h-0FFh,0100h-01FFhx12,0D00h-0DE9h -ABANK0=060h-0FFh \
  -ABANK1=0100h-01FFh -ABANK2=0200h-02FFh -ABANK3=0300h-03FFh \
  -ABANK4=0400h-04FFh -ABANK5=0500h-05FFh -ABANK6=0600h-06FFh \
  -ABANK7=0700h-07FFh -ABANK8=0800h-08FFh -ABANK9=0900h-09FFh \
  -ABANK10=0A00h-0AFFh -ABANK11=0B00h-0BFFh -ABANK12=0C00h-0CFFh \
  -ABANK13=0D00h-0DE9h \
  -ASFR=0DEFh-0DFFh,0E00h-0EFFh,0F00h-0F5Fh,0F60h-0FFFh \
  -ACONFIG=0300000h-030000Bh -AIDLOC=0200000h-020000Fh \
  -AEEDATA=0310000h-03103FFh -peeprom_data=EEDATA \
  -preset_vec=00h,intcode=08h,intcodelo=018h,powerup,init -pramtop=0E00h \
  -psmallconst=SMALLCONST -pmediumconst=MEDIUMCONST -pconst=CONST \
  -AFARRAM=00h-00h \
  -prdata=COMRAM,nvrram=COMRAM,nvbit=COMRAM,rbss=COMRAM,rbit=COMRAM \
  -pfarbss=FARRAM,fardata=FARRAM,nvFARRAM=FARRAM \
  -pintsave_regs=BIGRAM,bigbss=BIGRAM,bigdata=BIGRAM -pbss=RAM \
  -pidata=CODE,irdata=CODE,ibigdata=CODE,ifardata=CODE -prparam=COMRAM \
  C:\Users\amand\AppData\Local\Temp\xcAsqgc.o \
  dist/default/production\mini-proj-amwLEE.X.production.o 

Object code version is 3.11

Machine type is 18F67K40



                Name                               Link     Load   Length Selector   Space Scale
C:\Users\amand\AppData\Local\Temp\xcAsqgc.o
                idloc                            200000   200000       10        0       5
                config                           300000   300000        C        0       4
                init                                 58       58        4        C       0
                reset_vec                             0        0        4        0       0
dist/default/production\mini-proj-amwLEE.X.production.o
                intcodelo                            18       18       40        C       0
                intcode                               8        8        6        4       0
                idloc                            200000   200000       10        0       5
                config                           300000   300000        C        0       4
                temp                                 55       55        1        1       1
                smallconst                          E00      E00       20      700       0
                intcode_body                       261C     261C       54      710       0
                text41                             29DC     29DC       1A      710       0
                text40                             2A0E     2A0E       14      710       0
                text39                             295C     295C       26      710       0
                text38                             27EC     27EC       42      710       0
                text37                             2A34     2A34        E      710       0
                text36                             254E     254E       68      710       0
                text35                             28DC     28DC       34      710       0
                text34                             2384     2384       A8      710       0
                text33                             29F6     29F6       18      710       0
                text32                             275E     275E       4A      710       0
                text31                             2A42     2A42        6      710       0
                text30                             2982     2982       20      710       0
                text29                             21FE     21FE       C4      710       0
                text28                             1D9C     1D9C      124      710       0
                text27                             2936     2936       26      710       0
                text26                             29C0     29C0       1C      710       0
                text25                             213A     213A       C4      710       0
                text24                             2070     2070       CA      710       0
                text23                             24C6     24C6       88      710       0
                text22                             2A22     2A22       12      710       0
                text21                             242C     242C       9A      710       0
                text20                             2714     2714       4A      710       0
                text19                             148A     148A      1B4      710       0
                text18                             1EC0     1EC0       E6      710       0
                text17                             2910     2910       26      710       0
                text16                             286E     286E       38      710       0
                text15                             26C2     26C2       52      710       0
                text14                             163E     163E      1A4      710       0
                text13                             197E     197E      188      710       0
                text12                             1B06     1B06      164      710       0
                text11                             282E     282E       40      710       0
                text10                             2A48     2A48        2      710       0
                text9                              1FA6     1FA6       CA      710       0
                text8                              27A8     27A8       44      710       0
                text7                              28A6     28A6       36      710       0
                text6                              22C2     22C2       C2      710       0
                text5                              11AC     11AC      2DE      710       0
                text4                               E20      E20      38C      710       0
                text3                              25B6     25B6       66      710       0
                text2                              2670     2670       52      710       0
                text1                              17E2     17E2      19C      710       0
                text0                              1C6A     1C6A      132      710       0
                cstackCOMRAM                          1        1       50        1       1
                cstackBANK0                          60       60       62       60       1
                cstackBANK1                         100      100       50      100       1
                bssBANK0                             C2       C2       27       60       1
                bssCOMRAM                            51       51        4        1       1
                cinit                              29A2     29A2       1E      710       0

TOTAL           Name                               Link     Load   Length     Space
        CLASS   STACK          

        CLASS   CODE           
                intcodelo                            18       18       40         0
                intcode                               8        8        6         0
                init                                 58       58        4         0
                reset_vec                             0        0        4         0
                intcode_body                       261C     261C       54         0
                text41                             29DC     29DC       1A         0
                text40                             2A0E     2A0E       14         0
                text39                             295C     295C       26         0
                text38                             27EC     27EC       42         0
                text37                             2A34     2A34        E         0
                text36                             254E     254E       68         0
                text35                             28DC     28DC       34         0
                text34                             2384     2384       A8         0
                text33                             29F6     29F6       18         0
                text32                             275E     275E       4A         0
                text31                             2A42     2A42        6         0
                text30                             2982     2982       20         0
                text29                             21FE     21FE       C4         0
                text28                             1D9C     1D9C      124         0
                text27                             2936     2936       26         0
                text26                             29C0     29C0       1C         0
                text25                             213A     213A       C4         0
                text24                             2070     2070       CA         0
                text23                             24C6     24C6       88         0
                text22                             2A22     2A22       12         0
                text21                             242C     242C       9A         0
                text20                             2714     2714       4A         0
                text19                             148A     148A      1B4         0
                text18                             1EC0     1EC0       E6         0
                text17                             2910     2910       26         0
                text16                             286E     286E       38         0
                text15                             26C2     26C2       52         0
                text14                             163E     163E      1A4         0
                text13                             197E     197E      188         0
                text12                             1B06     1B06      164         0
                text11                             282E     282E       40         0
                text10                             2A48     2A48        2         0
                text9                              1FA6     1FA6       CA         0
                text8                              27A8     27A8       44         0
                text7                              28A6     28A6       36         0
                text6                              22C2     22C2       C2         0
                text5                              11AC     11AC      2DE         0
                text4                               E20      E20      38C         0
                text3                              25B6     25B6       66         0
                text2                              2670     2670       52         0
                text1                              17E2     17E2      19C         0
                text0                              1C6A     1C6A      132         0
                cinit                              29A2     29A2       1E         0

        CLASS   CONST          

        CLASS   SMALLCONST     
                smallconst                          E00      E00       20         0

        CLASS   MEDIUMCONST    

        CLASS   COMRAM         
                temp                                 55       55        1         1
                cstackCOMRAM                          1        1       50         1
                bssCOMRAM                            51       51        4         1

        CLASS   ABS1           

        CLASS   BIGRAM         

        CLASS   RAM            

        CLASS   BANK0          
                cstackBANK0                          60       60       62         1
                bssBANK0                             C2       C2       27         1

        CLASS   BANK1          
                cstackBANK1                         100      100       50         1

        CLASS   BANK2          

        CLASS   BANK3          

        CLASS   BANK4          

        CLASS   BANK5          

        CLASS   BANK6          

        CLASS   BANK7          

        CLASS   BANK8          

        CLASS   BANK9          

        CLASS   BANK10         

        CLASS   BANK11         

        CLASS   BANK12         

        CLASS   BANK13         

        CLASS   SFR            

        CLASS   CONFIG         
                config                           300000   300000        C         4

        CLASS   IDLOC          
                idloc                            200000   200000       10         5

        CLASS   EEDATA         

        CLASS   FARRAM         



SEGMENTS        Name                           Load    Length   Top    Selector   Space  Class

                reset_vec                      000000  000004  000004         0       0  CODE    
                cstackCOMRAM                   000001  000055  000056         1       1  COMRAM  
                intcode                        000008  000006  00000E         4       0  CODE    
                intcodelo                      000018  000044  00005C         C       0  CODE    
                cstackBANK0                    000060  000089  0000E9        60       1  BANK0   
                cstackBANK1                    000100  000050  000150       100       1  BANK1   
                smallconst                     000E00  000020  000E20       700       0  SMALLCON
                text4                          000E20  001C2A  002A4A       710       0  CODE    


UNUSED ADDRESS RANGES

        Name                Unused          Largest block    Delta
        BANK0            0000E9-0000FF               17
        BANK1            000150-0001FF               B0
        BANK10           000A00-000AFF              100
        BANK11           000B00-000BFF              100
        BANK12           000C00-000CFF              100
        BANK13           000D00-000DE9               EA
        BANK2            000200-0002FF              100
        BANK3            000300-0003FF              100
        BANK4            000400-0004FF              100
        BANK5            000500-0005FF              100
        BANK6            000600-0006FF              100
        BANK7            000700-0007FF              100
        BANK8            000800-0008FF              100
        BANK9            000900-0009FF              100
        BIGRAM           000056-00005F                A
                         0000E9-0000FF               17
                         000150-000DE9              C9A
        CODE             000004-000007                4
                         00000E-000017                A
                         00005C-000DFF              DA4
                         002A4A-01FFFF            1D5B6
        COMRAM           000056-00005F                A
        CONST            000004-000007                4
                         00000E-000017                A
                         00005C-000DFF              DA4
                         002A4A-01FFFF            1D5B6
        EEDATA           310000-3103FF              400
        MEDIUMCONST      002A4A-00FFFF             D5B6
                         010E00-01FFFF             F200
        RAM              0000E9-0000FF               17
                         000150-000DE9              100
        SFR              000DEF-000FFF              100
        SMALLCONST       002A4A-01FFFF              100
        STACK            000150-000DE9              C9A

                                  Symbol Table

?_LED_toggle                         cstackCOMRAM 000010
?___aodiv                            cstackCOMRAM 000005
?___aomod                            cstackCOMRAM 000005
?___awdiv                            cstackCOMRAM 000005
?___wmul                             cstackCOMRAM 000005
?_abs                                cstackCOMRAM 000017
?_atoi                               cstackCOMRAM 00000C
?_date_check                         cstackCOMRAM 000005
?_daylightsavingstime_toggle         cstackCOMRAM 000005
?_dtoa                               cstackCOMRAM 000020
?_isdigit                            cstackCOMRAM 000005
?_isspace                            cstackCOMRAM 000005
?_pad                                cstackCOMRAM 000015
?_sprintf                            cstackBANK0  000072
?_strlen                             cstackCOMRAM 000005
?_sun_sync                           cstackCOMRAM 00000D
?_sunrise                            cstackCOMRAM 000005
?_sunrise_sunset                     cstackCOMRAM 00001B
?_time_incre                         cstackBANK0  000084
?_vfpfcnvrt                          cstackCOMRAM 000044
?_vfprintf                           cstackBANK0  00006C
ADC_getval@tmpval                    cstackCOMRAM 000005
Interrupts_init@current              cstackCOMRAM 000005
LCD_sendbyte@Byte                    cstackCOMRAM 000007
LCD_sendbyte@type                    cstackCOMRAM 000006
LCD_sendnibble@number                cstackCOMRAM 000005
LCD_sendstring@counter1              cstackCOMRAM 000011
LCD_sendstring@counter2              cstackCOMRAM 000012
LCD_sendstring@string                cstackCOMRAM 000008
LCD_setline@line                     cstackCOMRAM 000008
LED1_init@current                    cstackCOMRAM 000006
LED_toggle@current                   cstackCOMRAM 000010
LEDarray_disp_bin@number             cstackCOMRAM 000007
_ADCON0bits                          (abs)        000F60
_ADC_getval                          text33       0029F6
_ADC_init                            text41       0029DC
_ADPCH                               (abs)        000F5F
_ADREFbits                           (abs)        000F58
_ADRESH                              (abs)        000F64
_ANSELFbits                          (abs)        000EB4
_CM1CON0bits                         (abs)        000ED0
_CM1CON1bits                         (abs)        000ED1
_CM1NCHbits                          (abs)        000ED2
_CM1PCHbits                          (abs)        000ED3
_Comp1_init                          text39       00295C
_DAC1CON0bits                        (abs)        000EC6
_DAC1CON1bits                        (abs)        000EC7
_DAC_init                            text40       002A0E
_HighISR                             intcode      000008
_INTCONbits                          (abs)        000FF2
_IPR0bits                            (abs)        000E1F
_IPR2bits                            (abs)        000E21
_Interrupts_init                     text38       0027EC
_LATAbits                            (abs)        000F79
_LATBbits                            (abs)        000F7A
_LATCbits                            (abs)        000F7B
_LATDbits                            (abs)        000F7C
_LATEbits                            (abs)        000F7D
_LATFbits                            (abs)        000F7E
_LATGbits                            (abs)        000F7F
_LATHbits                            (abs)        000F80
_LCD_E_TOG                           text37       002A34
_LCD_init                            text34       002384
_LCD_scroll                          text22       002A22
_LCD_sendbyte                        text35       0028DC
_LCD_sendnibble                      text36       00254E
_LCD_sendstring                      text21       00242C
_LCD_setline                         text20       002714
_LED1_init                           text32       00275E
_LED2_init                           text31       002A42
_LED_toggle                          text29       0021FE
_LEDarray_disp_bin                   text28       001D9C
_LEDarray_init                       text27       002936
_LowISR                              intcodelo    000018
_PIE0bits                            (abs)        000E29
_PIE2bits                            (abs)        000E2B
_PIR0bits                            (abs)        000E33
_PIR2bits                            (abs)        000E35
_T0CON0bits                          (abs)        000FD5
_T0CON1bits                          (abs)        000FD6
_TMR0H                               (abs)        000FD4
_TMR0L                               (abs)        000FD3
_TRISAbits                           (abs)        000F81
_TRISBbits                           (abs)        000F82
_TRISCbits                           (abs)        000F83
_TRISDbits                           (abs)        000F84
_TRISEbits                           (abs)        000F85
_TRISFbits                           (abs)        000F86
_TRISGbits                           (abs)        000F87
_TRISHbits                           (abs)        000F88
_Timer0_init                         text26       0029C0
__HRAM                               (abs)        000000
__Habs1                              abs1         000000
__Hbank0                             bank0        000000
__Hbank1                             bank1        000000
__Hbank10                            bank10       000000
__Hbank11                            bank11       000000
__Hbank12                            bank12       000000
__Hbank13                            bank13       000000
__Hbank2                             bank2        000000
__Hbank3                             bank3        000000
__Hbank4                             bank4        000000
__Hbank5                             bank5        000000
__Hbank6                             bank6        000000
__Hbank7                             bank7        000000
__Hbank8                             bank8        000000
__Hbank9                             bank9        000000
__Hbigbss                            bigbss       000000
__Hbigdata                           bigdata      000000
__Hbigram                            bigram       000000
__Hbss                               bss          000000
__HbssBANK0                          bssBANK0     000000
__HbssCOMRAM                         bssCOMRAM    000000
__Hcinit                             cinit        000000
__Hclrtext                           clrtext      000000
__Hcomram                            comram       000000
__Hconfig                            config       30000C
__Hconst                             const        000000
__HcstackBANK0                       cstackBANK0  000000
__HcstackBANK1                       cstackBANK1  000000
__HcstackCOMRAM                      cstackCOMRAM 000000
__Hdata                              data         000000
__Heeprom_data                       eeprom_data  000000
__Hfarbss                            farbss       000000
__Hfardata                           fardata      000000
__Hibigdata                          ibigdata     000000
__Hidata                             idata        000000
__Hidloc                             idloc        200010
__Hifardata                          ifardata     000000
__Hinit                              init         00005C
__Hintcode                           intcode      00000E
__Hintcode_body                      intcode_body 000000
__Hintcodelo                         intcodelo    000058
__Hintentry                          intentry     000000
__Hintret                            intret       000000
__Hintsave_regs                      intsave_regs 000000
__Hirdata                            irdata       000000
__Hmediumconst                       mediumconst  000000
__HnvFARRAM                          nvFARRAM     000000
__Hnvbit                             nvbit        000000
__Hnvrram                            nvrram       000000
__Hparam                             rparam       000000
__Hpowerup                           powerup      000058
__Hram                               ram          000000
__Hramtop                            ramtop       000E00
__Hrbit                              rbit         000000
__Hrbss                              rbss         000000
__Hrdata                             rdata        000000
__Hreset_vec                         reset_vec    000004
__Hrparam                            rparam       000000
__Hsfr                               sfr          000000
__Hsmallconst                        smallconst   000E20
__Hspace_0                           (abs)        002A4A
__Hspace_1                           (abs)        000150
__Hspace_2                           (abs)        000000
__Hspace_4                           (abs)        60000C
__Hstack                             stack        000000
__Hstruct                            struct       000000
__Htemp                              temp         000056
__Htext                              text         000000
__Htext0                             text0        000000
__Htext1                             text1        000000
__Htext10                            text10       000000
__Htext11                            text11       000000
__Htext12                            text12       000000
__Htext13                            text13       000000
__Htext14                            text14       000000
__Htext15                            text15       000000
__Htext16                            text16       000000
__Htext17                            text17       000000
__Htext18                            text18       000000
__Htext19                            text19       000000
__Htext2                             text2        000000
__Htext20                            text20       000000
__Htext21                            text21       000000
__Htext22                            text22       000000
__Htext23                            text23       000000
__Htext24                            text24       000000
__Htext25                            text25       000000
__Htext26                            text26       000000
__Htext27                            text27       000000
__Htext28                            text28       000000
__Htext29                            text29       000000
__Htext3                             text3        000000
__Htext30                            text30       000000
__Htext31                            text31       000000
__Htext32                            text32       000000
__Htext33                            text33       000000
__Htext34                            text34       000000
__Htext35                            text35       000000
__Htext36                            text36       000000
__Htext37                            text37       000000
__Htext38                            text38       000000
__Htext39                            text39       000000
__Htext4                             text4        000000
__Htext40                            text40       000000
__Htext41                            text41       000000
__Htext5                             text5        000000
__Htext6                             text6        000000
__Htext7                             text7        000000
__Htext8                             text8        000000
__Htext9                             text9        000000
__LRAM                               (abs)        000001
__Labs1                              abs1         000000
__Lbank0                             bank0        000000
__Lbank1                             bank1        000000
__Lbank10                            bank10       000000
__Lbank11                            bank11       000000
__Lbank12                            bank12       000000
__Lbank13                            bank13       000000
__Lbank2                             bank2        000000
__Lbank3                             bank3        000000
__Lbank4                             bank4        000000
__Lbank5                             bank5        000000
__Lbank6                             bank6        000000
__Lbank7                             bank7        000000
__Lbank8                             bank8        000000
__Lbank9                             bank9        000000
__Lbigbss                            bigbss       000000
__Lbigdata                           bigdata      000000
__Lbigram                            bigram       000000
__Lbss                               bss          000000
__LbssBANK0                          bssBANK0     000000
__LbssCOMRAM                         bssCOMRAM    000000
__Lcinit                             cinit        000000
__Lclrtext                           clrtext      000000
__Lcomram                            comram       000000
__Lconfig                            config       000000
__Lconst                             const        000000
__LcstackBANK0                       cstackBANK0  000000
__LcstackBANK1                       cstackBANK1  000000
__LcstackCOMRAM                      cstackCOMRAM 000000
__Ldata                              data         000000
__Leeprom_data                       eeprom_data  000000
__Lfarbss                            farbss       000000
__Lfardata                           fardata      000000
__Libigdata                          ibigdata     000000
__Lidata                             idata        000000
__Lidloc                             idloc        000000
__Lifardata                          ifardata     000000
__Linit                              init         000058
__Lintcode                           intcode      000008
__Lintcode_body                      intcode_body 000000
__Lintcodelo                         intcodelo    000018
__Lintentry                          intentry     000000
__Lintret                            intret       000000
__Lintsave_regs                      intsave_regs 000000
__Lirdata                            irdata       000000
__Lmediumconst                       mediumconst  000000
__LnvFARRAM                          nvFARRAM     000000
__Lnvbit                             nvbit        000000
__Lnvrram                            nvrram       000000
__Lparam                             rparam       000000
__Lpowerup                           powerup      000058
__Lram                               ram          000000
__Lramtop                            ramtop       000E00
__Lrbit                              rbit         000000
__Lrbss                              rbss         000000
__Lrdata                             rdata        000000
__Lreset_vec                         reset_vec    000000
__Lrparam                            rparam       000000
__Lsfr                               sfr          000000
__Lsmallconst                        smallconst   000E00
__Lspace_0                           (abs)        000000
__Lspace_1                           (abs)        000000
__Lspace_2                           (abs)        000000
__Lspace_4                           (abs)        000000
__Lstack                             stack        000000
__Lstruct                            struct       000000
__Ltemp                              temp         000055
__Ltext                              text         000000
__Ltext0                             text0        000000
__Ltext1                             text1        000000
__Ltext10                            text10       000000
__Ltext11                            text11       000000
__Ltext12                            text12       000000
__Ltext13                            text13       000000
__Ltext14                            text14       000000
__Ltext15                            text15       000000
__Ltext16                            text16       000000
__Ltext17                            text17       000000
__Ltext18                            text18       000000
__Ltext19                            text19       000000
__Ltext2                             text2        000000
__Ltext20                            text20       000000
__Ltext21                            text21       000000
__Ltext22                            text22       000000
__Ltext23                            text23       000000
__Ltext24                            text24       000000
__Ltext25                            text25       000000
__Ltext26                            text26       000000
__Ltext27                            text27       000000
__Ltext28                            text28       000000
__Ltext29                            text29       000000
__Ltext3                             text3        000000
__Ltext30                            text30       000000
__Ltext31                            text31       000000
__Ltext32                            text32       000000
__Ltext33                            text33       000000
__Ltext34                            text34       000000
__Ltext35                            text35       000000
__Ltext36                            text36       000000
__Ltext37                            text37       000000
__Ltext38                            text38       000000
__Ltext39                            text39       000000
__Ltext4                             text4        000000
__Ltext40                            text40       000000
__Ltext41                            text41       000000
__Ltext5                             text5        000000
__Ltext6                             text6        000000
__Ltext7                             text7        000000
__Ltext8                             text8        000000
__Ltext9                             text9        000000
__S0                                 (abs)        002A4A
__S1                                 (abs)        000150
__S2                                 (abs)        000000
__S4                                 (abs)        000000
__S5                                 (abs)        000000
___aodiv                             text13       00197E
___aodiv@counter                     cstackCOMRAM 000015
___aodiv@dividend                    cstackCOMRAM 000005
___aodiv@divisor                     cstackCOMRAM 00000D
___aodiv@quotient                    cstackCOMRAM 000017
___aodiv@sign                        cstackCOMRAM 000016
___aomod                             text12       001B06
___aomod@counter                     cstackCOMRAM 000015
___aomod@dividend                    cstackCOMRAM 000005
___aomod@divisor                     cstackCOMRAM 00000D
___aomod@sign                        cstackCOMRAM 000016
___awdiv                             text25       00213A
___awdiv@counter                     cstackCOMRAM 000009
___awdiv@dividend                    cstackCOMRAM 000005
___awdiv@divisor                     cstackCOMRAM 000007
___awdiv@quotient                    cstackCOMRAM 00000B
___awdiv@sign                        cstackCOMRAM 00000A
___inthi_sp                          stack        000000
___intlo_sp                          stack        000000
___param_bank                        (abs)        000000
___rparam_used                       (abs)        000001
___sp                                stack        000000
___wmul                              text17       002910
___wmul@multiplicand                 cstackCOMRAM 000007
___wmul@multiplier                   cstackCOMRAM 000005
___wmul@product                      cstackCOMRAM 000009
__accesstop                          (abs)        000060
__activetblptr                       (abs)        000003
__end_of_ADC_getval                  text33       002A0E
__end_of_ADC_init                    text41       0029F6
__end_of_Comp1_init                  text39       002982
__end_of_DAC_init                    text40       002A22
__end_of_HighISR                     intcode_body 002670
__end_of_Interrupts_init             text38       00282E
__end_of_LCD_E_TOG                   text37       002A42
__end_of_LCD_init                    text34       00242C
__end_of_LCD_scroll                  text22       002A34
__end_of_LCD_sendbyte                text35       002910
__end_of_LCD_sendnibble              text36       0025B6
__end_of_LCD_sendstring              text21       0024C6
__end_of_LCD_setline                 text20       00275E
__end_of_LED1_init                   text32       0027A8
__end_of_LED2_init                   text31       002A48
__end_of_LED_toggle                  text29       0022C2
__end_of_LEDarray_disp_bin           text28       001EC0
__end_of_LEDarray_init               text27       00295C
__end_of_LowISR                      intcodelo    000058
__end_of_Timer0_init                 text26       0029DC
__end_of___aodiv                     text13       001B06
__end_of___aomod                     text12       001C6A
__end_of___awdiv                     text25       0021FE
__end_of___wmul                      text17       002936
__end_of__initialization             cinit        0029B6
__end_of_abs                         text11       00286E
__end_of_atoi                        text14       0017E2
__end_of_date_check                  text19       00163E
__end_of_daylightsavingstime_toggle  text18       001FA6
__end_of_dtoa                        text5        00148A
__end_of_fputc                       text9        002070
__end_of_fputs                       text8        0027EC
__end_of_isdigit                     text16       0028A6
__end_of_isspace                     text15       002714
__end_of_main                        text0        001D9C
__end_of_pad                         text6        002384
__end_of_putch                       text10       002A4A
__end_of_sprintf                     text2        0026C2
__end_of_strlen                      text7        0028DC
__end_of_sun_sync                    text24       00213A
__end_of_sunrise                     text30       0029A2
__end_of_sunrise_sunset              text23       00254E
__end_of_time_incre                  text1        00197E
__end_of_vfpfcnvrt                   text4        0011AC
__end_of_vfprintf                    text3        00261C
__initialization                     cinit        0029A2
__mediumconst                        mediumconst  000000
__pbssBANK0                          bssBANK0     0000C2
__pbssCOMRAM                         bssCOMRAM    000051
__pcinit                             cinit        0029A2
__pcstackBANK0                       cstackBANK0  000060
__pcstackBANK1                       cstackBANK1  000100
__pcstackCOMRAM                      cstackCOMRAM 000001
__pintcode                           intcode      000008
__pintcode_body                      intcode_body 00261C
__pintcodelo                         intcodelo    000018
__psmallconst                        smallconst   000E00
__ptext0                             text0        001C6A
__ptext1                             text1        0017E2
__ptext10                            text10       002A48
__ptext11                            text11       00282E
__ptext12                            text12       001B06
__ptext13                            text13       00197E
__ptext14                            text14       00163E
__ptext15                            text15       0026C2
__ptext16                            text16       00286E
__ptext17                            text17       002910
__ptext18                            text18       001EC0
__ptext19                            text19       00148A
__ptext2                             text2        002670
__ptext20                            text20       002714
__ptext21                            text21       00242C
__ptext22                            text22       002A22
__ptext23                            text23       0024C6
__ptext24                            text24       002070
__ptext25                            text25       00213A
__ptext26                            text26       0029C0
__ptext27                            text27       002936
__ptext28                            text28       001D9C
__ptext29                            text29       0021FE
__ptext3                             text3        0025B6
__ptext30                            text30       002982
__ptext31                            text31       002A42
__ptext32                            text32       00275E
__ptext33                            text33       0029F6
__ptext34                            text34       002384
__ptext35                            text35       0028DC
__ptext36                            text36       00254E
__ptext37                            text37       002A34
__ptext38                            text38       0027EC
__ptext39                            text39       00295C
__ptext4                             text4        000E20
__ptext40                            text40       002A0E
__ptext41                            text41       0029DC
__ptext5                             text5        0011AC
__ptext6                             text6        0022C2
__ptext7                             text7        0028A6
__ptext8                             text8        0027A8
__ptext9                             text9        001FA6
__ramtop                             ramtop       000E00
__size_of_ADC_getval                 (abs)        000000
__size_of_ADC_init                   (abs)        000000
__size_of_Comp1_init                 (abs)        000000
__size_of_DAC_init                   (abs)        000000
__size_of_HighISR                    (abs)        000000
__size_of_Interrupts_init            (abs)        000000
__size_of_LCD_E_TOG                  (abs)        000000
__size_of_LCD_init                   (abs)        000000
__size_of_LCD_scroll                 (abs)        000000
__size_of_LCD_sendbyte               (abs)        000000
__size_of_LCD_sendnibble             (abs)        000000
__size_of_LCD_sendstring             (abs)        000000
__size_of_LCD_setline                (abs)        000000
__size_of_LED1_init                  (abs)        000000
__size_of_LED2_init                  (abs)        000000
__size_of_LED_toggle                 (abs)        000000
__size_of_LEDarray_disp_bin          (abs)        000000
__size_of_LEDarray_init              (abs)        000000
__size_of_LowISR                     (abs)        000000
__size_of_Timer0_init                (abs)        000000
__size_of___aodiv                    (abs)        000000
__size_of___aomod                    (abs)        000000
__size_of___awdiv                    (abs)        000000
__size_of___wmul                     (abs)        000000
__size_of_abs                        (abs)        000000
__size_of_atoi                       (abs)        000000
__size_of_date_check                 (abs)        000000
__size_of_daylightsavingstime_toggle (abs)        000000
__size_of_dtoa                       (abs)        000000
__size_of_fputc                      (abs)        000000
__size_of_fputs                      (abs)        000000
__size_of_isdigit                    (abs)        000000
__size_of_isspace                    (abs)        000000
__size_of_main                       (abs)        000000
__size_of_pad                        (abs)        000000
__size_of_putch                      (abs)        000000
__size_of_sprintf                    (abs)        000000
__size_of_strlen                     (abs)        000000
__size_of_sun_sync                   (abs)        000000
__size_of_sunrise                    (abs)        000000
__size_of_sunrise_sunset             (abs)        000000
__size_of_time_incre                 (abs)        000000
__size_of_vfpfcnvrt                  (abs)        000000
__size_of_vfprintf                   (abs)        000000
__smallconst                         smallconst   000E00
_abs                                 text11       00282E
_atoi                                text14       00163E
_atoi$2225                           cstackCOMRAM 000014
_atoi$2226                           cstackCOMRAM 000018
_atoi$2227                           cstackCOMRAM 000016
_date_check                          text19       00148A
_daylightsavingstime_toggle          text18       001EC0
_dbuf                                bssBANK0     0000C9
_dtoa                                text5        0011AC
_dtoa$2190                           cstackCOMRAM 000032
_flags                               bssCOMRAM    000051
_fputc                               text9        001FA6
_fputs                               text8        0027A8
_isdigit                             text16       00286E
_isspace                             text15       0026C2
_isspace$2243                        cstackCOMRAM 00000B
_main                                text0        001C6A
_nout                                bssBANK0     0000C2
_pad                                 text6        0022C2
_prec                                bssBANK0     0000C6
_putch                               text10       002A48
_sprintf                             text2        002670
_strlen                              text7        0028A6
_sun_sync                            text24       002070
_sunrise                             text30       002982
_sunrise_flag                        bssCOMRAM    000054
_sunrise_sunset                      text23       0024C6
_sunset_flag                         bssCOMRAM    000053
_time_flag                           bssBANK0     0000C8
_time_incre                          text1        0017E2
_vfpfcnvrt                           text4        000E20
_vfpfcnvrt$2205                      cstackBANK0  00006A
_vfprintf                            text3        0025B6
_width                               bssBANK0     0000C4
abs@a                                cstackCOMRAM 000017
atoi@n                               cstackCOMRAM 000019
atoi@neg                             cstackCOMRAM 000012
atoi@s                               cstackCOMRAM 00000C
btemp                                temp         000055
date_check@current                   cstackCOMRAM 000005
daylightsavingstime_toggle@current   cstackCOMRAM 000005
dtoa@d                               cstackCOMRAM 000022
dtoa@fp                              cstackCOMRAM 000020
dtoa@i                               cstackCOMRAM 000042
dtoa@n                               cstackCOMRAM 00003A
dtoa@p                               cstackCOMRAM 000034
dtoa@s                               cstackCOMRAM 000038
dtoa@w                               cstackCOMRAM 000036
end_of_initialization                cinit        0029B6
fputc@c                              cstackCOMRAM 000005
fputc@fp                             cstackCOMRAM 000007
fputs@c                              cstackCOMRAM 000012
fputs@fp                             cstackCOMRAM 000010
fputs@i                              cstackCOMRAM 000013
fputs@s                              cstackCOMRAM 00000E
int$flags                            temp         000055
int_func                             intcode_body 00261C
intlevel0                            text         000000
intlevel1                            text         000000
intlevel2                            text         000000
intlevel3                            text         000000
isa$std                              (abs)        000001
isa$xinst                            (abs)        000000
isdigit@c                            cstackCOMRAM 000005
isspace@c                            cstackCOMRAM 000005
main@buf2                            cstackBANK0  00008F
main@current                         cstackBANK0  0000B7
pad@buf                              cstackCOMRAM 000017
pad@fp                               cstackCOMRAM 000015
pad@i                                cstackCOMRAM 00001C
pad@p                                cstackCOMRAM 000019
pad@w                                cstackCOMRAM 00001E
sprintf@ap                           cstackBANK0  00007C
sprintf@f                            cstackBANK0  00007E
sprintf@fmt                          cstackBANK0  000074
sprintf@s                            cstackBANK0  000072
stackhi                              (abs)        000DE9
stacklo                              (abs)        000150
start                                init         000058
start_initialization                 cinit        0029A2
strlen@a                             cstackCOMRAM 000007
strlen@s                             cstackCOMRAM 000005
sun_sync@current                     cstackCOMRAM 00000D
sun_sync@solarnoon_hour              cstackCOMRAM 000018
sun_sync@solarnoon_minute            cstackCOMRAM 000019
sun_sync@solarnoon_second            cstackCOMRAM 00001A
sunrise@current                      cstackCOMRAM 000005
sunrise_sunset@current               cstackCOMRAM 00001B
time_incre@buf1                      cstackBANK1  000100
time_incre@buf2                      cstackBANK1  000128
time_incre@current                   cstackBANK0  000084
ttemp5                               temp         000056
ttemp6                               temp         000059
ttemp7                               temp         00005D
vfpfcnvrt@ap                         cstackCOMRAM 000048
vfpfcnvrt@done                       cstackBANK0  000068
vfpfcnvrt@fmt                        cstackCOMRAM 000046
vfpfcnvrt@fp                         cstackCOMRAM 000044
vfpfcnvrt@ll                         cstackBANK0  000060
vfprintf@ap                          cstackBANK0  000070
vfprintf@cfmt                        cstackCOMRAM 00004E
vfprintf@fmt                         cstackBANK0  00006E
vfprintf@fp                          cstackBANK0  00006C
wtemp8                               temp         000056


MODULE INFORMATION

Module		Function		Class		Link	Load	Size
C:\Program Files\Microchip\xc8\v2.32\pic\sources\c99\common\nf_sprintf.c
		_sprintf       		CODE           	2670	0000	82

C:\Program Files\Microchip\xc8\v2.32\pic\sources\c99\common\nf_sprintf.c estimated size: 82

C:\Program Files\Microchip\xc8\v2.32\pic\sources\c99\common\awdiv.c
		___awdiv       		CODE           	213A	0000	196

C:\Program Files\Microchip\xc8\v2.32\pic\sources\c99\common\awdiv.c estimated size: 196

C:\Program Files\Microchip\xc8\v2.32\pic\sources\c99\common\isdigit.c
		_isdigit       		CODE           	286E	0000	56

C:\Program Files\Microchip\xc8\v2.32\pic\sources\c99\common\isdigit.c estimated size: 56

timers.c
		_Timer0_init   		CODE           	29C0	0000	28

timers.c estimated size: 28

C:\Program Files\Microchip\xc8\v2.32\pic\sources\c99\common\doprnt.c
		_vfpfcnvrt     		CODE           	0E20	0000	908
		_pad           		CODE           	22C2	0000	194
		_dtoa          		CODE           	11AC	0000	734
		_vfprintf      		CODE           	25B6	0000	102

C:\Program Files\Microchip\xc8\v2.32\pic\sources\c99\common\doprnt.c estimated size: 1938

LED.c
		_LED_toggle    		CODE           	21FE	0000	196
		_LED1_init     		CODE           	275E	0000	74
		_LED2_init     		CODE           	2A42	0000	6

LED.c estimated size: 276

interrupts.c
		_LowISR        		CODE           	0018	0000	64
		_Interrupts_init		CODE           	27EC	0000	66
		_HighISR       		CODE           	0008	0000	90

interrupts.c estimated size: 220

LEDarray.c
		_LEDarray_init 		CODE           	2936	0000	38
		_LEDarray_disp_bin		CODE           	1D9C	0000	292

LEDarray.c estimated size: 330

comparator.c
		_DAC_init      		CODE           	2A0E	0000	20
		_Comp1_init    		CODE           	295C	0000	38

comparator.c estimated size: 58

C:\Program Files\Microchip\xc8\v2.32\pic\sources\c99\common\atoi.c
		_atoi          		CODE           	163E	0000	420

C:\Program Files\Microchip\xc8\v2.32\pic\sources\c99\common\atoi.c estimated size: 420

C:\Program Files\Microchip\xc8\v2.32\pic\sources\c99\common\nf_fputs.c
		_fputs         		CODE           	27A8	0000	68

C:\Program Files\Microchip\xc8\v2.32\pic\sources\c99\common\nf_fputs.c estimated size: 68

C:\Program Files\Microchip\xc8\v2.32\pic\sources\c99\common\putch.c
		_putch         		CODE           	2A48	0000	2

C:\Program Files\Microchip\xc8\v2.32\pic\sources\c99\common\putch.c estimated size: 2

C:\Program Files\Microchip\xc8\v2.32\pic\sources\c99\common\Umul16.c
		___wmul        		CODE           	2910	0000	38

C:\Program Files\Microchip\xc8\v2.32\pic\sources\c99\common\Umul16.c estimated size: 38

C:\Program Files\Microchip\xc8\v2.32\pic\sources\c99\common\abs.c
		_abs           		CODE           	282E	0000	64

C:\Program Files\Microchip\xc8\v2.32\pic\sources\c99\common\abs.c estimated size: 64

C:\Program Files\Microchip\xc8\v2.32\pic\sources\c99\common\aomod.c
		___aomod       		CODE           	1B06	0000	356

C:\Program Files\Microchip\xc8\v2.32\pic\sources\c99\common\aomod.c estimated size: 356

dateandtime.c
		_time_incre    		CODE           	17E2	0000	412
		_sunrise       		CODE           	2982	0000	32
		_sunrise_sunset		CODE           	24C6	0000	136
		_sun_sync      		CODE           	2070	0000	202
		_date_check    		CODE           	148A	0000	436
		_daylightsavingstime_toggle		CODE           	1EC0	0000	230

dateandtime.c estimated size: 1448

C:\Program Files\Microchip\xc8\v2.32\pic\sources\c99\common\isspace.c
		_isspace       		CODE           	26C2	0000	82

C:\Program Files\Microchip\xc8\v2.32\pic\sources\c99\common\isspace.c estimated size: 82

shared
		__initialization		CODE           	29A2	0000	20

shared estimated size: 20

ADC.c
		_ADC_init      		CODE           	29DC	0000	26
		_ADC_getval    		CODE           	29F6	0000	24

ADC.c estimated size: 50

C:\Program Files\Microchip\xc8\v2.32\pic\sources\c99\common\nf_fputc.c
		_fputc         		CODE           	1FA6	0000	202

C:\Program Files\Microchip\xc8\v2.32\pic\sources\c99\common\nf_fputc.c estimated size: 202

C:\Program Files\Microchip\xc8\v2.32\pic\sources\c99\common\aodiv.c
		___aodiv       		CODE           	197E	0000	392

C:\Program Files\Microchip\xc8\v2.32\pic\sources\c99\common\aodiv.c estimated size: 392

main.c
		_main          		CODE           	1C6A	0000	306

main.c estimated size: 306

C:\Program Files\Microchip\xc8\v2.32\pic\sources\c99\common\strlen.c
		_strlen        		CODE           	28A6	0000	54

C:\Program Files\Microchip\xc8\v2.32\pic\sources\c99\common\strlen.c estimated size: 54

LCD.c
		_LCD_init      		CODE           	2384	0000	168
		_LCD_sendbyte  		CODE           	28DC	0000	52
		_LCD_scroll    		CODE           	2A22	0000	18
		_LCD_E_TOG     		CODE           	2A34	0000	14
		_LCD_setline   		CODE           	2714	0000	74
		_LCD_sendnibble		CODE           	254E	0000	104
		_LCD_sendstring		CODE           	242C	0000	154

LCD.c estimated size: 584

